{"level":"info","timestamp":"2024-12-27T16:02:31.888+0300","msg":"TEST1TEST2"}
{"level":"info","timestamp":"2024-12-27T16:02:31.888+0300","msg":"TEST3 test"}
{"level":"info","timestamp":"2024-12-27T16:02:31.888+0300","msg":"TEST4 TEST5"}
{"level":"info","timestamp":"2024-12-27T16:02:31.888+0300","msg":"TEST6","key1":"value1","key2":"value2"}
{"level":"info","timestamp":"2024-12-27T16:03:01.250+0300","msg":"TEST1TEST2"}
{"level":"info","timestamp":"2024-12-27T16:03:01.250+0300","msg":"TEST3 test"}
{"level":"info","timestamp":"2024-12-27T16:03:01.251+0300","msg":"TEST4 TEST5"}
{"level":"info","timestamp":"2024-12-27T16:03:01.251+0300","msg":"TEST6","key1":"value1","key2":"value2"}
{"level":"debug","timestamp":"2024-12-27T16:03:01.251+0300","msg":"TEST1TEST2"}
{"level":"debug","timestamp":"2024-12-27T16:03:01.251+0300","msg":"TEST3 test"}
{"level":"debug","timestamp":"2024-12-27T16:03:01.251+0300","msg":"TEST4 TEST5"}
{"level":"debug","timestamp":"2024-12-27T16:03:01.251+0300","msg":"TEST6","key1":"value1","key2":"value2"}
2024-12-27T16:03:13.621+0300	[34mINFO[0m	TEST1TEST2
2024-12-27T16:03:13.621+0300	[34mINFO[0m	TEST3 test
2024-12-27T16:03:13.621+0300	[34mINFO[0m	TEST4 TEST5
2024-12-27T16:03:13.621+0300	[34mINFO[0m	TEST6	{"key1": "value1", "key2": "value2"}
2024-12-27T16:03:13.621+0300	[35mDEBUG[0m	TEST1TEST2
2024-12-27T16:03:13.621+0300	[35mDEBUG[0m	TEST3 test
2024-12-27T16:03:13.621+0300	[35mDEBUG[0m	TEST4 TEST5
2024-12-27T16:03:13.621+0300	[35mDEBUG[0m	TEST6	{"key1": "value1", "key2": "value2"}
2024-12-27T16:07:04.442+0300	INFO	TEST1TEST2
2024-12-27T16:07:04.443+0300	INFO	TEST3 test
2024-12-27T16:07:04.443+0300	INFO	TEST4 TEST5
2024-12-27T16:07:04.443+0300	INFO	TEST6	{"key1": "value1", "key2": "value2"}
2024-12-27T16:07:04.443+0300	DEBUG	TEST1TEST2
2024-12-27T16:07:04.443+0300	DEBUG	TEST3 test
2024-12-27T16:07:04.443+0300	DEBUG	TEST4 TEST5
2024-12-27T16:07:04.443+0300	DEBUG	TEST6	{"key1": "value1", "key2": "value2"}
2024-12-27T16:09:11.816+0300	INFO	TEST1TEST2
2024-12-27T16:09:11.816+0300	INFO	TEST3 test
2024-12-27T16:09:11.816+0300	INFO	TEST4 TEST5
2024-12-27T16:09:11.816+0300	INFO	TEST6	{"key1": "value1", "key2": "value2"}
2024-12-27T16:09:11.817+0300	DEBUG	TEST1TEST2
2024-12-27T16:09:11.817+0300	DEBUG	TEST3 test
2024-12-27T16:09:11.817+0300	DEBUG	TEST4 TEST5
2024-12-27T16:09:11.817+0300	DEBUG	TEST6	{"key1": "value1", "key2": "value2"}
2024-12-27T16:11:56.587+0300	INFO	TEST1TEST2
2024-12-27T16:11:56.587+0300	INFO	TEST3 test
2024-12-27T16:11:56.587+0300	INFO	TEST4 TEST5
2024-12-27T16:11:56.587+0300	INFO	TEST6	{"key1": "value1", "key2": "value2"}
2024-12-27T16:11:56.588+0300	DEBUG	TEST1TEST2
2024-12-27T16:11:56.588+0300	DEBUG	TEST3 test
2024-12-27T16:11:56.588+0300	DEBUG	TEST4 TEST5
2024-12-27T16:11:56.588+0300	DEBUG	TEST6	{"key1": "value1", "key2": "value2"}
2024-12-27T16:18:33.456+0300	INFO	TEST1TEST2
2024-12-27T16:18:33.457+0300	INFO	TEST3 test
2024-12-27T16:18:33.457+0300	INFO	TEST4 TEST5
2024-12-27T16:18:33.457+0300	INFO	TEST6	{"key1": "value1", "key2": "value2"}
2024-12-27T16:18:33.457+0300	DEBUG	TEST1TEST2
2024-12-27T16:18:33.457+0300	DEBUG	TEST3 test
2024-12-27T16:18:33.457+0300	DEBUG	TEST4 TEST5
2024-12-27T16:18:33.457+0300	DEBUG	TEST6	{"key1": "value1", "key2": "value2"}
2024-12-27T17:18:50.751+0300	INFO	root	TEST1TEST2
2024-12-27T17:18:50.751+0300	INFO	root	TEST3 test
2024-12-27T17:18:50.751+0300	INFO	root	TEST4 TEST5
2024-12-27T17:18:50.751+0300	INFO	root	TEST6	{"key1": "value1", "key2": "value2"}
2024-12-27T17:18:50.751+0300	DEBUG	root	TEST1TEST2
2024-12-27T17:18:50.752+0300	DEBUG	root	TEST3 test
2024-12-27T17:18:50.752+0300	DEBUG	root	TEST4 TEST5
2024-12-27T17:18:50.752+0300	DEBUG	root	TEST6	{"key1": "value1", "key2": "value2"}
2024-12-27T17:19:19.980+0300	INFO	root.test	TEST1TEST2
2024-12-27T17:19:19.980+0300	INFO	root.test	TEST3 test
2024-12-27T17:19:19.980+0300	INFO	root.test	TEST4 TEST5
2024-12-27T17:19:19.980+0300	INFO	root.test	TEST6	{"key1": "value1", "key2": "value2"}
2024-12-27T17:19:19.980+0300	DEBUG	root.test	TEST1TEST2
2024-12-27T17:19:19.980+0300	DEBUG	root.test	TEST3 test
2024-12-27T17:19:19.980+0300	DEBUG	root.test	TEST4 TEST5
2024-12-27T17:19:19.980+0300	DEBUG	root.test	TEST6	{"key1": "value1", "key2": "value2"}
2024-12-29T14:27:40.851+0300	INFO	TEST1TEST2
2024-12-29T14:27:40.851+0300	INFO	TEST3 test
2024-12-29T14:27:40.851+0300	INFO	TEST4 TEST5
2024-12-29T14:27:40.851+0300	INFO	TEST6	{"key1": "value1", "key2": "value2"}
2024-12-29T14:27:40.851+0300	DEBUG	TEST1TEST2
2024-12-29T14:27:40.851+0300	DEBUG	TEST3 test
2024-12-29T14:27:40.851+0300	DEBUG	TEST4 TEST5
2024-12-29T14:27:40.851+0300	DEBUG	TEST6	{"key1": "value1", "key2": "value2"}
2024-12-29T14:28:48.827+0300	INFO	root	TEST1TEST2
2024-12-29T14:28:48.828+0300	INFO	root	TEST3 test
2024-12-29T14:28:48.828+0300	INFO	root	TEST4 TEST5
2024-12-29T14:28:48.828+0300	INFO	root	TEST6	{"key1": "value1", "key2": "value2"}
2024-12-29T14:28:48.828+0300	DEBUG	root	TEST1TEST2
2024-12-29T14:28:48.828+0300	DEBUG	root	TEST3 test
2024-12-29T14:28:48.828+0300	DEBUG	root	TEST4 TEST5
2024-12-29T14:28:48.828+0300	DEBUG	root	TEST6	{"key1": "value1", "key2": "value2"}
2024-12-29T14:29:37.992+0300	INFO	root.test	TEST1TEST2
2024-12-29T14:29:37.993+0300	INFO	root.test	TEST3 test
2024-12-29T14:29:37.993+0300	INFO	root.test	TEST4 TEST5
2024-12-29T14:29:37.993+0300	INFO	root.test	TEST6	{"key1": "value1", "key2": "value2"}
2024-12-29T14:29:37.993+0300	DEBUG	root.test	TEST1TEST2
2024-12-29T14:29:37.993+0300	DEBUG	root.test	TEST3 test
2024-12-29T14:29:37.993+0300	DEBUG	root.test	TEST4 TEST5
2024-12-29T14:29:37.993+0300	DEBUG	root.test	TEST6	{"key1": "value1", "key2": "value2"}
2024-12-29T14:30:31.298+0300	INFO	root.test	TEST
2024-12-29T14:30:31.299+0300	INFO	root	TEST1TEST2
2024-12-29T14:30:31.299+0300	INFO	root	TEST3 test
2024-12-29T14:30:31.299+0300	INFO	root	TEST4 TEST5
2024-12-29T14:30:31.299+0300	INFO	root	TEST6	{"key1": "value1", "key2": "value2"}
2024-12-29T14:30:31.299+0300	DEBUG	root	TEST1TEST2
2024-12-29T14:30:31.299+0300	DEBUG	root	TEST3 test
2024-12-29T14:30:31.299+0300	DEBUG	root	TEST4 TEST5
2024-12-29T14:30:31.299+0300	DEBUG	root	TEST6	{"key1": "value1", "key2": "value2"}
2024-12-29T14:57:18.192+0300	INFO	root	TEST1TEST2
2024-12-29T14:57:18.193+0300	INFO	root	TEST3 test
2024-12-29T14:57:18.193+0300	INFO	root	TEST4 TEST5
2024-12-29T14:57:18.193+0300	INFO	root	TEST6	{"key1": "value1", "key2": "value2"}
2024-12-29T14:57:18.193+0300	DEBUG	root	TEST1TEST2
2024-12-29T14:57:18.193+0300	DEBUG	root	TEST3 test
2024-12-29T14:57:18.193+0300	DEBUG	root	TEST4 TEST5
2024-12-29T14:57:18.193+0300	DEBUG	root	TEST6	{"key1": "value1", "key2": "value2"}
2024-12-29T14:57:26.044+0300	INFO	root	TEST1TEST2
2024-12-29T14:57:26.045+0300	INFO	root	TEST3 test
2024-12-29T14:57:26.045+0300	INFO	root	TEST4 TEST5
2024-12-29T14:57:26.045+0300	INFO	root	TEST6	{"key1": "value1", "key2": "value2"}
2024-12-29T14:57:26.045+0300	DEBUG	root	TEST1TEST2
2024-12-29T14:57:26.045+0300	DEBUG	root	TEST3 test
2024-12-29T14:57:26.045+0300	DEBUG	root	TEST4 TEST5
2024-12-29T14:57:26.045+0300	DEBUG	root	TEST6	{"key1": "value1", "key2": "value2"}
2024-12-29T14:57:43.825+0300	INFO	root	TEST1TEST2
2024-12-29T14:57:43.825+0300	INFO	root	TEST3 test
2024-12-29T14:57:43.825+0300	INFO	root	TEST4 TEST5
2024-12-29T14:57:43.825+0300	INFO	root	TEST6	{"key1": "value1", "key2": "value2"}
2024-12-29T14:57:43.825+0300	DEBUG	root	TEST1TEST2
2024-12-29T14:57:43.825+0300	DEBUG	root	TEST3 test
2024-12-29T14:57:43.825+0300	DEBUG	root	TEST4 TEST5
2024-12-29T14:57:43.825+0300	DEBUG	root	TEST6	{"key1": "value1", "key2": "value2"}
2024-12-29T15:42:52.827+0300	INFO	TEST1TEST2
2024-12-29T15:42:52.828+0300	INFO	TEST3 test
2024-12-29T15:42:52.829+0300	INFO	TEST4 TEST5
2024-12-29T15:42:52.829+0300	INFO	TEST6	{"key1": "value1", "key2": "value2"}
2024-12-29T15:42:52.829+0300	DEBUG	TEST1TEST2
2024-12-29T15:42:52.829+0300	DEBUG	TEST3 test
2024-12-29T15:42:52.829+0300	DEBUG	TEST4 TEST5
2024-12-29T15:42:52.829+0300	DEBUG	TEST6	{"key1": "value1", "key2": "value2"}
